{
  "message": "Request failed with status code 403",
  "stack": "AxiosError: Request failed with status code 403\n    at settle (C:\\Users\\rajve\\Spotify Music Analyzer\\server\\node_modules\\axios\\dist\\node\\axios.cjs:1970:12)\n    at Unzip.handleStreamEnd (C:\\Users\\rajve\\Spotify Music Analyzer\\server\\node_modules\\axios\\dist\\node\\axios.cjs:3377:11)\n    at Unzip.emit (node:events:519:28)\n    at endReadableNT (node:internal/streams/readable:1698:12)\n    at process.processTicksAndRejections (node:internal/process/task_queues:90:21)\n    at Axios.request (C:\\Users\\rajve\\Spotify Music Analyzer\\server\\node_modules\\axios\\dist\\node\\axios.cjs:4517:41)\n    at process.processTicksAndRejections (node:internal/process/task_queues:105:5)\n    at async exports.getAnalysis (C:\\Users\\rajve\\Spotify Music Analyzer\\server\\controllers\\analysisController.js:29:28)",
  "data": {
    "error": {
      "status": 403,
      "message": "Forbidden"
    }
  }
}